> Task :app:preBuild UP-TO-DATE
> Task :app:preDebugBuild UP-TO-DATE
> Task :app:dataBindingMergeDependencyArtifactsDebug UP-TO-DATE
> Task :app:generateDebugResValues UP-TO-DATE
> Task :app:generateDebugResources UP-TO-DATE
> Task :app:processDebugGoogleServices UP-TO-DATE
> Task :app:mergeDebugResources UP-TO-DATE
> Task :app:packageDebugResources UP-TO-DATE
> Task :app:parseDebugLocalResources UP-TO-DATE
> Task :app:dataBindingGenBaseClassesDebug UP-TO-DATE
> Task :app:javaPreCompileDebug UP-TO-DATE
> Task :app:checkDebugAarMetadata UP-TO-DATE
> Task :app:mapDebugSourceSetPaths UP-TO-DATE
> Task :app:createDebugCompatibleScreenManifests UP-TO-DATE
> Task :app:extractDeepLinksDebug UP-TO-DATE
> Task :app:processDebugMainManifest UP-TO-DATE
> Task :app:processDebugManifest UP-TO-DATE
> Task :app:processDebugManifestForPackage UP-TO-DATE
> Task :app:processDebugResources UP-TO-DATE
> Task :app:compileDebugJavaWithJavac UP-TO-DATE
> Task :app:hiltAggregateDepsDebug UP-TO-DATE
> Task :app:hiltJavaCompileDebug UP-TO-DATE
> Task :app:bundleDebugClassesToCompileJar UP-TO-DATE
> Task :app:preDebugUnitTestBuild UP-TO-DATE
> Task :app:javaPreCompileDebugUnitTest UP-TO-DATE

> Task :app:compileDebugUnitTestJavaWithJavac FAILED
C:\Users\pc\AndroidStudioProjects\AdminLoyalty\app\src\test\java\com\example\adminloyalty\data\DashboardRepositoryTest.java:34: error: constructor DashboardRepository in class DashboardRepository cannot be applied to given types;
        repository = new DashboardRepository(mock(FirebaseFirestore.class));
                     ^
  required: FirebaseFirestore,Context
  found:    FirebaseFirestore
  reason: actual and formal argument lists differ in length
C:\Users\pc\AndroidStudioProjects\AdminLoyalty\app\src\test\java\com\example\adminloyalty\data\DashboardRepositoryTest.java:74: error: incompatible types: QuerySnapshot cannot be converted to AggregateQuerySnapshot
                prevSnap,
                ^
Note: Some messages have been simplified; recompile with -Xdiags:verbose to get full output
2 errors

FAILURE: Build failed with an exception.

* What went wrong:
Execution failed for task ':app:compileDebugUnitTestJavaWithJavac'.
> Compilation failed; see the compiler error output for details.

* Try:
> Run with --info option to get more log output.
> Run with --scan to get full insights.

BUILD FAILED in 2s
23 actionable tasks: 1 executed, 22 up-to-date
